  Determining projects to restore...
  All projects are up-to-date for restore.
C:\Users\noahg\source\repos\Project_Business_Case-1\BestelApp_Models\Migrations\DbContextModelSnapshot.cs(23,13): error CS0103: The name 'SqlServerModelBuilderExtensions' does not exist in the current context [C:\Users\noahg\source\repos\Project_Business_Case-1\BestelApp_Models\BestelApp_Models.csproj]
C:\Users\noahg\source\repos\Project_Business_Case-1\BestelApp_Models\Migrations\DbContextModelSnapshot.cs(31,21): error CS0103: The name 'SqlServerPropertyBuilderExtensions' does not exist in the current context [C:\Users\noahg\source\repos\Project_Business_Case-1\BestelApp_Models\BestelApp_Models.csproj]
C:\Users\noahg\source\repos\Project_Business_Case-1\BestelApp_Models\Migrations\DbContextModelSnapshot.cs(167,21): error CS0103: The name 'SqlServerPropertyBuilderExtensions' does not exist in the current context [C:\Users\noahg\source\repos\Project_Business_Case-1\BestelApp_Models\BestelApp_Models.csproj]
C:\Users\noahg\source\repos\Project_Business_Case-1\BestelApp_Models\Migrations\DbContextModelSnapshot.cs(192,21): error CS0103: The name 'SqlServerPropertyBuilderExtensions' does not exist in the current context [C:\Users\noahg\source\repos\Project_Business_Case-1\BestelApp_Models\BestelApp_Models.csproj]
C:\Users\noahg\source\repos\Project_Business_Case-1\BestelApp_Models\Migrations\20260108125618_Users_Shoes_Db.Designer.cs(26,13): error CS0103: The name 'SqlServerModelBuilderExtensions' does not exist in the current context [C:\Users\noahg\source\repos\Project_Business_Case-1\BestelApp_Models\BestelApp_Models.csproj]
C:\Users\noahg\source\repos\Project_Business_Case-1\BestelApp_Models\Migrations\20260108125618_Users_Shoes_Db.Designer.cs(34,21): error CS0103: The name 'SqlServerPropertyBuilderExtensions' does not exist in the current context [C:\Users\noahg\source\repos\Project_Business_Case-1\BestelApp_Models\BestelApp_Models.csproj]
C:\Users\noahg\source\repos\Project_Business_Case-1\BestelApp_Models\Migrations\20260108125618_Users_Shoes_Db.Designer.cs(170,21): error CS0103: The name 'SqlServerPropertyBuilderExtensions' does not exist in the current context [C:\Users\noahg\source\repos\Project_Business_Case-1\BestelApp_Models\BestelApp_Models.csproj]
C:\Users\noahg\source\repos\Project_Business_Case-1\BestelApp_Models\Migrations\20260108125618_Users_Shoes_Db.Designer.cs(195,21): error CS0103: The name 'SqlServerPropertyBuilderExtensions' does not exist in the current context [C:\Users\noahg\source\repos\Project_Business_Case-1\BestelApp_Models\BestelApp_Models.csproj]

Build FAILED.

C:\Users\noahg\source\repos\Project_Business_Case-1\BestelApp_Models\Migrations\DbContextModelSnapshot.cs(23,13): error CS0103: The name 'SqlServerModelBuilderExtensions' does not exist in the current context [C:\Users\noahg\source\repos\Project_Business_Case-1\BestelApp_Models\BestelApp_Models.csproj]
C:\Users\noahg\source\repos\Project_Business_Case-1\BestelApp_Models\Migrations\DbContextModelSnapshot.cs(31,21): error CS0103: The name 'SqlServerPropertyBuilderExtensions' does not exist in the current context [C:\Users\noahg\source\repos\Project_Business_Case-1\BestelApp_Models\BestelApp_Models.csproj]
C:\Users\noahg\source\repos\Project_Business_Case-1\BestelApp_Models\Migrations\DbContextModelSnapshot.cs(167,21): error CS0103: The name 'SqlServerPropertyBuilderExtensions' does not exist in the current context [C:\Users\noahg\source\repos\Project_Business_Case-1\BestelApp_Models\BestelApp_Models.csproj]
C:\Users\noahg\source\repos\Project_Business_Case-1\BestelApp_Models\Migrations\DbContextModelSnapshot.cs(192,21): error CS0103: The name 'SqlServerPropertyBuilderExtensions' does not exist in the current context [C:\Users\noahg\source\repos\Project_Business_Case-1\BestelApp_Models\BestelApp_Models.csproj]
C:\Users\noahg\source\repos\Project_Business_Case-1\BestelApp_Models\Migrations\20260108125618_Users_Shoes_Db.Designer.cs(26,13): error CS0103: The name 'SqlServerModelBuilderExtensions' does not exist in the current context [C:\Users\noahg\source\repos\Project_Business_Case-1\BestelApp_Models\BestelApp_Models.csproj]
C:\Users\noahg\source\repos\Project_Business_Case-1\BestelApp_Models\Migrations\20260108125618_Users_Shoes_Db.Designer.cs(34,21): error CS0103: The name 'SqlServerPropertyBuilderExtensions' does not exist in the current context [C:\Users\noahg\source\repos\Project_Business_Case-1\BestelApp_Models\BestelApp_Models.csproj]
C:\Users\noahg\source\repos\Project_Business_Case-1\BestelApp_Models\Migrations\20260108125618_Users_Shoes_Db.Designer.cs(170,21): error CS0103: The name 'SqlServerPropertyBuilderExtensions' does not exist in the current context [C:\Users\noahg\source\repos\Project_Business_Case-1\BestelApp_Models\BestelApp_Models.csproj]
C:\Users\noahg\source\repos\Project_Business_Case-1\BestelApp_Models\Migrations\20260108125618_Users_Shoes_Db.Designer.cs(195,21): error CS0103: The name 'SqlServerPropertyBuilderExtensions' does not exist in the current context [C:\Users\noahg\source\repos\Project_Business_Case-1\BestelApp_Models\BestelApp_Models.csproj]
    0 Warning(s)
    8 Error(s)

Time Elapsed 00:00:01.40
